// Jest Snapshot v1, https://goo.gl/fbAQLP

exports[`Snapshot: components/App.jsx 1`] = `
<div>
  <div>
    <span
      className="label"
    >
      Random Number: 
    </span>
    <span
      className="value"
    >
      67ab265d7da3
    </span>
  </div>
</div>
`;
