// Jest Snapshot v1, https://goo.gl/fbAQLP

exports[`Snapshot: components/DefaultMuiTheme.jsx 1`] = `<div />`;
